
> Configure project :
This mapping 'stable_20' was designed for MC 1.8.8! Use at your own peril.

> Task :clean
> Task :deobfCompileDummyTask
> Task :getVersionJson
> Task :extractUserdev UP-TO-DATE
> Task :downloadClient SKIPPED
> Task :downloadServer SKIPPED
> Task :splitServerJar SKIPPED
> Task :mergeJars SKIPPED
> Task :applyBinaryPatches SKIPPED
> Task :deobfProvidedDummyTask
> Task :extractDependencyATs SKIPPED
> Task :extractMcpData SKIPPED
> Task :extractMcpMappings SKIPPED
> Task :genSrgs SKIPPED
> Task :deobfMcMCP SKIPPED
> Task :sourceApiJava
> Task :compileApiJava NO-SOURCE
> Task :processApiResources NO-SOURCE
> Task :apiClasses UP-TO-DATE
> Task :sourceMainJava

> Task :compileJava
Potential refmap conflict. Duplicate refmap name mixins.showspawntime.refmap.json specified for sourceSet main, already defined for sourceSet main
.\gradlew.bat : Note: SpongePowered MIXIN Annotation Processor Version=0.7.11
At line:1 char:1
+ .\gradlew.bat clean compileJava > build_output.txt 2>&1
+ ~~~~~~~~~~~~~~~~~~~~~~~~~~~~~~~~~~~~~~~~~~~~~~~~~~~~~~~
    + CategoryInfo          : NotSpecified: (Note: SpongePow... Version=0.7.11:String) [], Remo 
   teException
    + FullyQualifiedErrorId : NativeCommandError
 
Note: ObfuscationServiceMCP supports type: "searge"
Note: ObfuscationServiceMCP supports type: "notch"
Note: Loading searge mappings from C:\Users\Administrator\.gradle\caches\minecraft\de\oceanlabs\
mcp\mcp_stable\20\srgs\mcp-srg.srg
Note: Loading notch mappings from C:\Users\Administrator\.gradle\caches\minecraft\de\oceanlabs\m
cp\mcp_stable\20\srgs\mcp-notch.srg
C:\Users\Administrator\Desktop\mcmods\ShowSpawnTime-2.1.1\build\sources\main\java\com\seosean\sh
owspawntime\mixins\MixinFontRenderer.java:19: warning: Cannot find method mapping for @At(INVOKE
.<target>) 'Lnet/minecraft/client/gui/FontRenderer;getResourceInputStream(Lnet/minecraft/util/Re
sourceLocation;)Ljava/io/InputStream;'
    @Redirect(method = "readGlyphSizes", at = @At(value = "INVOKE", target = "Lnet/minecraft/cli
ent/gui/FontRenderer;getResourceInputStream(Lnet/minecraft/util/ResourceLocation;)Ljava/io/Input
Stream;"))
    ^
C:\Users\Administrator\Desktop\mcmods\ShowSpawnTime-2.1.1\build\sources\main\java\com\seosean\sh
owspawntime\mixins\MixinGuiIngame.java:457: warning: Cannot find method mapping for @At(INVOKE.<
target>) 'Lcom/google/common/collect/Iterables;skip(Ljava/lang/Iterable;I)Ljava/lang/Iterable;'
    @Redirect(method = "renderScoreboard", at = @At(value = "INVOKE", target = "Lcom/google/comm
on/collect/Iterables;skip(Ljava/lang/Iterable;I)Ljava/lang/Iterable;"))
    ^
Note: Writing refmap to C:\Users\Administrator\Desktop\mcmods\ShowSpawnTime-2.1.1\build\tmp\comp
ileJava\compileJava-refmap.json
C:\Users\Administrator\Desktop\mcmods\ShowSpawnTime-2.1.1\build\sources\main\java\com\seosean\sh
owspawntime\mixins\MixinFontRenderer.java:16: warning: Unable to locate obfuscation mapping for 
@Shadow method
    @Shadow
    ^
Note: Writing refmap to C:\Users\Administrator\Desktop\mcmods\ShowSpawnTime-2.1.1\build\tmp\comp
ileJava\compileJava-refmap.json
Note: Writing searge output SRGs to C:\Users\Administrator\Desktop\mcmods\ShowSpawnTime-2.1.1\bu
ild\tmp\compileJava\mcp-srg.srg
Note: Writing notch output SRGs to C:\Users\Administrator\Desktop\mcmods\ShowSpawnTime-2.1.1\bui
ld\tmp\compileJava\mcp-notch.srg
Note: Writing refmap to C:\Users\Administrator\Desktop\mcmods\ShowSpawnTime-2.1.1\build\tmp\comp
ileJava\compileJava-refmap.json
Note: Writing refmap to C:\Users\Administrator\Desktop\mcmods\ShowSpawnTime-2.1.1\build\tmp\comp
ileJava\compileJava-refmap.json
Note: Writing searge output SRGs to C:\Users\Administrator\Desktop\mcmods\ShowSpawnTime-2.1.1\bu
ild\tmp\compileJava\mcp-srg.srg
Note: Writing notch output SRGs to C:\Users\Administrator\Desktop\mcmods\ShowSpawnTime-2.1.1\bui
ld\tmp\compileJava\mcp-notch.srg
Note: C:\Users\Administrator\Desktop\mcmods\ShowSpawnTime-2.1.1\build\sources\main\java\com\seos
ean\showspawntime\handler\GameTickHandler.java uses or overrides a deprecated API.
Note: Recompile with -Xlint:deprecation for details.
Note: C:\Users\Administrator\Desktop\mcmods\ShowSpawnTime-2.1.1\build\sources\main\java\com\seos
ean\showspawntime\mixins\MixinRendererLivingEntity.java uses unchecked or unsafe operations.
Note: Recompile with -Xlint:unchecked for details.
3 warnings

Deprecated Gradle features were used in this build, making it incompatible with Gradle 7.0.
Use '--warning-mode all' to show the individual deprecation warnings.
See https://docs.gradle.org/6.8.3/userguide/command_line_interface.html#sec:command_line_warnings

BUILD SUCCESSFUL in 8s
8 actionable tasks: 7 executed, 1 up-to-date
